::1 - - [05/Jul/2026 19:55:05] "GET /pages/contacts.html HTTP/1.1" 200 -
::1 - - [05/Jul/2026 19:55:05] "GET /css/variables.css HTTP/1.1" 304 -
::1 - - [05/Jul/2026 19:55:05] "GET /css/base.css HTTP/1.1" 304 -
::1 - - [05/Jul/2026 19:55:05] "GET /css/components.css HTTP/1.1" 200 -
::1 - - [05/Jul/2026 19:55:05] "GET /css/layout.css HTTP/1.1" 304 -
::1 - - [05/Jul/2026 19:55:05] "GET /js/form-handler.js HTTP/1.1" 200 -
::1 - - [05/Jul/2026 19:55:05] "GET /js/components.js HTTP/1.1" 304 -
::1 - - [05/Jul/2026 19:55:06] "GET /components/header.html HTTP/1.1" 304 -
::1 - - [05/Jul/2026 19:55:06] "GET /components/footer.html HTTP/1.1" 304 -
::1 - - [05/Jul/2026 19:55:06] "GET /images/logo.png HTTP/1.1" 304 -
::1 - - [05/Jul/2026 19:55:06] "GET /favicon/favicon.ico HTTP/1.1" 304 -
::1 - - [05/Jul/2026 19:57:44] "GET / HTTP/1.1" 200 -
::1 - - [05/Jul/2026 19:57:44] "GET /images/suppliers/moselectroshield/img1.png HTTP/1.1" 304 -
::1 - - [05/Jul/2026 19:57:44] "GET /images/suppliers/moselectroshield/nku2.png HTTP/1.1" 304 -
::1 - - [05/Jul/2026 19:57:44] "GET /images/suppliers/energyh/vyklyuchateli.jpg HTTP/1.1" 304 -
::1 - - [05/Jul/2026 19:57:44] "GET /images/suppliers/lzvo/krue.jpg HTTP/1.1" 304 -
::1 - - [05/Jul/2026 19:57:44] "GET /images/suppliers/energyh/razediniteli.jpg HTTP/1.1" 304 -
::1 - - [05/Jul/2026 19:57:44] "GET /images/suppliers/energyh/transformatory.jpg HTTP/1.1" 304 -
::1 - - [05/Jul/2026 19:57:44] "GET /images/suppliers/moselectroshield/reklouzer.jpg HTTP/1.1" 304 -
::1 - - [05/Jul/2026 19:57:44] "GET /images/suppliers/moselectroshield/nku1.png HTTP/1.1" 304 -
::1 - - [05/Jul/2026 19:57:44] "GET /images/suppliers/energyh/vvody.jpg HTTP/1.1" 304 -
::1 - - [05/Jul/2026 19:57:44] "GET /images/suppliers/moselectroshield/nku3.png HTTP/1.1" 304 -
::1 - - [05/Jul/2026 19:57:44] "GET /images/suppliers/energyh/bsk.jpg HTTP/1.1" 304 -
::1 - - [05/Jul/2026 19:57:44] "GET /images/suppliers/energyh/opory.jpg HTTP/1.1" 304 -
::1 - - [05/Jul/2026 19:57:44] "GET /images/suppliers/mtrele/shkafy.jpg HTTP/1.1" 304 -
::1 - - [05/Jul/2026 19:57:44] "GET /images/suppliers/mtrele/sopt.jpg HTTP/1.1" 304 -
::1 - - [05/Jul/2026 19:57:44] "GET /images/suppliers/energyh/svyaz.jpg HTTP/1.1" 304 -
::1 - - [05/Jul/2026 19:57:44] "GET /images/suppliers/moselectroshield/img2.png HTTP/1.1" 304 -
::1 - - [05/Jul/2026 19:57:44] "GET /images/suppliers/energyh/opn.jpg HTTP/1.1" 304 -
::1 - - [05/Jul/2026 19:57:44] "GET /images/suppliers/moselectroshield/nku.png HTTP/1.1" 304 -
::1 - - [05/Jul/2026 19:57:44] "GET /images/suppliers/moselectroshield/bktp.png HTTP/1.1" 304 -
::1 - - [05/Jul/2026 20:03:28] code 501, message Unsupported method ('POST')
::1 - - [05/Jul/2026 20:03:28] "POST /api/send-form.php HTTP/1.1" 501 -
