[     239ms] [ERROR] Failed to load resource: the server responded with a status of 401 () @ https://illustrious-flan-2982eb.netlify.app/:0
[     280ms] [VERBOSE] [DOM] Input elements should have autocomplete attributes (suggested: "new-password"): (More info: https://goo.gl/9p2vKq) %o @ https://illustrious-flan-2982eb.netlify.app/:0
[     375ms] [ERROR] Failed to load resource: the server responded with a status of 401 () @ https://illustrious-flan-2982eb.netlify.app/favicon.ico:0
[   55792ms] [ERROR] Failed to load resource: net::ERR_CONNECTION_RESET @ https://illustrious-flan-2982eb.netlify.app/:0
[   80771ms] [ERROR] Failed to load resource: net::ERR_CONNECTION_RESET @ https://illustrious-flan-2982eb.netlify.app/css/variables.css:0
[   80775ms] [ERROR] Failed to load resource: net::ERR_CONNECTION_RESET @ https://illustrious-flan-2982eb.netlify.app/css/base.css:0
[   80775ms] [ERROR] Failed to load resource: net::ERR_CONNECTION_RESET @ https://illustrious-flan-2982eb.netlify.app/css/components.css:0
[   80775ms] [ERROR] Failed to load resource: net::ERR_CONNECTION_RESET @ https://illustrious-flan-2982eb.netlify.app/css/layout.css:0
[   80775ms] [ERROR] Failed to load resource: net::ERR_CONNECTION_RESET @ https://illustrious-flan-2982eb.netlify.app/images/suppliers/moselectroshield/img1.png:0
[   80775ms] [ERROR] Failed to load resource: net::ERR_CONNECTION_RESET @ https://illustrious-flan-2982eb.netlify.app/images/suppliers/energyh/razediniteli.jpg:0
[   80775ms] [ERROR] Failed to load resource: net::ERR_CONNECTION_RESET @ https://illustrious-flan-2982eb.netlify.app/images/suppliers/energyh/vyklyuchateli.jpg:0
[   80775ms] [ERROR] Failed to load resource: net::ERR_CONNECTION_RESET @ https://illustrious-flan-2982eb.netlify.app/images/suppliers/lzvo/krue.jpg:0
[   80775ms] [ERROR] Failed to load resource: net::ERR_CONNECTION_RESET @ https://illustrious-flan-2982eb.netlify.app/images/suppliers/moselectroshield/nku2.png:0
[   80776ms] [ERROR] Failed to load resource: net::ERR_CONNECTION_RESET @ https://illustrious-flan-2982eb.netlify.app/images/suppliers/energyh/transformatory.jpg:0
[   80776ms] [ERROR] Failed to load resource: net::ERR_CONNECTION_RESET @ https://illustrious-flan-2982eb.netlify.app/images/suppliers/moselectroshield/nku3.png:0
[   80776ms] [ERROR] Failed to load resource: net::ERR_CONNECTION_RESET @ https://illustrious-flan-2982eb.netlify.app/images/suppliers/energyh/vvody.jpg:0
[   80776ms] [ERROR] Failed to load resource: net::ERR_CONNECTION_RESET @ https://illustrious-flan-2982eb.netlify.app/images/suppliers/energyh/bsk.jpg:0
[   80776ms] [ERROR] Failed to load resource: net::ERR_CONNECTION_RESET @ https://illustrious-flan-2982eb.netlify.app/images/suppliers/moselectroshield/nku1.png:0
[   80776ms] [ERROR] Failed to load resource: net::ERR_CONNECTION_RESET @ https://illustrious-flan-2982eb.netlify.app/images/suppliers/moselectroshield/reklouzer.jpg:0
[   80776ms] [ERROR] Failed to load resource: net::ERR_CONNECTION_RESET @ https://illustrious-flan-2982eb.netlify.app/images/suppliers/mtrele/shkafy.jpg:0
[   80776ms] [ERROR] Failed to load resource: net::ERR_CONNECTION_RESET @ https://illustrious-flan-2982eb.netlify.app/images/suppliers/energyh/opory.jpg:0
[   80776ms] [ERROR] Failed to load resource: net::ERR_CONNECTION_RESET @ https://illustrious-flan-2982eb.netlify.app/images/suppliers/moselectroshield/img2.png:0
[   80776ms] [ERROR] Failed to load resource: net::ERR_CONNECTION_RESET @ https://illustrious-flan-2982eb.netlify.app/images/suppliers/energyh/svyaz.jpg:0
[   80776ms] [ERROR] Failed to load resource: net::ERR_CONNECTION_RESET @ https://illustrious-flan-2982eb.netlify.app/images/suppliers/mtrele/sopt.jpg:0
[   80776ms] [ERROR] Failed to load resource: net::ERR_CONNECTION_RESET @ https://illustrious-flan-2982eb.netlify.app/images/suppliers/moselectroshield/nku.png:0
[   80776ms] [ERROR] Failed to load resource: net::ERR_CONNECTION_RESET @ https://illustrious-flan-2982eb.netlify.app/images/suppliers/moselectroshield/bktp.png:0
[   80776ms] [ERROR] Failed to load resource: net::ERR_CONNECTION_RESET @ https://illustrious-flan-2982eb.netlify.app/images/suppliers/energyh/opn.jpg:0
[   80830ms] [ERROR] Failed to load resource: net::ERR_CONNECTION_RESET @ https://illustrious-flan-2982eb.netlify.app/js/form-handler.js:0
[   80830ms] [ERROR] Failed to load resource: net::ERR_CONNECTION_RESET @ https://illustrious-flan-2982eb.netlify.app/js/components.js:0
[  216507ms] [ERROR] Failed to load resource: net::ERR_CONNECTION_RESET @ https://illustrious-flan-2982eb.netlify.app/css/variables.css:0
[  216510ms] [ERROR] Failed to load resource: net::ERR_CONNECTION_RESET @ https://illustrious-flan-2982eb.netlify.app/css/base.css:0
[  216510ms] [ERROR] Failed to load resource: net::ERR_CONNECTION_RESET @ https://illustrious-flan-2982eb.netlify.app/css/layout.css:0
[  216510ms] [ERROR] Failed to load resource: net::ERR_CONNECTION_RESET @ https://illustrious-flan-2982eb.netlify.app/css/components.css:0
[  216510ms] [ERROR] Failed to load resource: net::ERR_CONNECTION_RESET @ https://illustrious-flan-2982eb.netlify.app/images/suppliers/moselectroshield/img1.png:0
[  216510ms] [ERROR] Failed to load resource: net::ERR_CONNECTION_RESET @ https://illustrious-flan-2982eb.netlify.app/images/suppliers/moselectroshield/nku2.png:0
[  216510ms] [ERROR] Failed to load resource: net::ERR_CONNECTION_RESET @ https://illustrious-flan-2982eb.netlify.app/images/suppliers/energyh/razediniteli.jpg:0
[  216510ms] [ERROR] Failed to load resource: net::ERR_CONNECTION_RESET @ https://illustrious-flan-2982eb.netlify.app/images/suppliers/energyh/vyklyuchateli.jpg:0
[  216510ms] [ERROR] Failed to load resource: net::ERR_CONNECTION_RESET @ https://illustrious-flan-2982eb.netlify.app/images/suppliers/lzvo/krue.jpg:0
[  216510ms] [ERROR] Failed to load resource: net::ERR_CONNECTION_RESET @ https://illustrious-flan-2982eb.netlify.app/images/suppliers/energyh/bsk.jpg:0
[  216510ms] [ERROR] Failed to load resource: net::ERR_CONNECTION_RESET @ https://illustrious-flan-2982eb.netlify.app/images/suppliers/energyh/transformatory.jpg:0
[  216510ms] [ERROR] Failed to load resource: net::ERR_CONNECTION_RESET @ https://illustrious-flan-2982eb.netlify.app/images/suppliers/moselectroshield/reklouzer.jpg:0
[  216510ms] [ERROR] Failed to load resource: net::ERR_CONNECTION_RESET @ https://illustrious-flan-2982eb.netlify.app/images/suppliers/moselectroshield/nku3.png:0
[  216510ms] [ERROR] Failed to load resource: net::ERR_CONNECTION_RESET @ https://illustrious-flan-2982eb.netlify.app/images/suppliers/energyh/vvody.jpg:0
[  216510ms] [ERROR] Failed to load resource: net::ERR_CONNECTION_RESET @ https://illustrious-flan-2982eb.netlify.app/images/suppliers/energyh/opory.jpg:0
[  216510ms] [ERROR] Failed to load resource: net::ERR_CONNECTION_RESET @ https://illustrious-flan-2982eb.netlify.app/images/suppliers/moselectroshield/nku1.png:0
[  216510ms] [ERROR] Failed to load resource: net::ERR_CONNECTION_RESET @ https://illustrious-flan-2982eb.netlify.app/images/suppliers/energyh/svyaz.jpg:0
[  216511ms] [ERROR] Failed to load resource: net::ERR_CONNECTION_RESET @ https://illustrious-flan-2982eb.netlify.app/images/suppliers/mtrele/sopt.jpg:0
[  216511ms] [ERROR] Failed to load resource: net::ERR_CONNECTION_RESET @ https://illustrious-flan-2982eb.netlify.app/images/suppliers/mtrele/shkafy.jpg:0
[  216511ms] [ERROR] Failed to load resource: net::ERR_CONNECTION_RESET @ https://illustrious-flan-2982eb.netlify.app/images/suppliers/energyh/opn.jpg:0
[  216511ms] [ERROR] Failed to load resource: net::ERR_CONNECTION_RESET @ https://illustrious-flan-2982eb.netlify.app/images/suppliers/moselectroshield/img2.png:0
[  216511ms] [ERROR] Failed to load resource: net::ERR_CONNECTION_RESET @ https://illustrious-flan-2982eb.netlify.app/images/suppliers/moselectroshield/nku.png:0
[  216511ms] [ERROR] Failed to load resource: net::ERR_CONNECTION_RESET @ https://illustrious-flan-2982eb.netlify.app/images/suppliers/moselectroshield/bktp.png:0
[  216532ms] [ERROR] Failed to load resource: net::ERR_CONNECTION_RESET @ https://illustrious-flan-2982eb.netlify.app/js/form-handler.js:0
[  216532ms] [ERROR] Failed to load resource: net::ERR_CONNECTION_RESET @ https://illustrious-flan-2982eb.netlify.app/js/components.js:0
[  262257ms] [ERROR] Failed to load resource: net::ERR_CONNECTION_RESET @ https://illustrious-flan-2982eb.netlify.app/js/components.js:0
[  262259ms] [ERROR] Failed to load resource: net::ERR_CONNECTION_RESET @ https://illustrious-flan-2982eb.netlify.app/js/category-page.js:0
[  262259ms] [ERROR] Failed to load resource: net::ERR_CONNECTION_RESET @ https://illustrious-flan-2982eb.netlify.app/js/products-extra-3.js:0
[  262259ms] [ERROR] Failed to load resource: net::ERR_CONNECTION_RESET @ https://illustrious-flan-2982eb.netlify.app/js/products-extra.js:0
[  262259ms] [ERROR] Failed to load resource: net::ERR_CONNECTION_RESET @ https://illustrious-flan-2982eb.netlify.app/css/variables.css:0
[  262259ms] [ERROR] Failed to load resource: net::ERR_CONNECTION_RESET @ https://illustrious-flan-2982eb.netlify.app/js/categories.js:0
[  262259ms] [ERROR] Failed to load resource: net::ERR_CONNECTION_RESET @ https://illustrious-flan-2982eb.netlify.app/js/products-extra-2.js:0
[  262259ms] [ERROR] Failed to load resource: net::ERR_CONNECTION_RESET @ https://illustrious-flan-2982eb.netlify.app/js/products-data.js:0
